// Jest Snapshot v1, https://goo.gl/fbAQLP

exports[`Compose action test Inbox page should render component 1`] = `ReactWrapper {}`;
