// Jest Snapshot v1, https://goo.gl/fbAQLP

exports[`Inbox action test Inbox page should render component 1`] = `ReactWrapper {}`;

exports[`Inbox action test Inbox page should render component 2`] = `ReactWrapper {}`;
