// Jest Snapshot v1, https://goo.gl/fbAQLP

exports[`Signup component Tests renders the Signup component correctly 1`] = `ShallowWrapper {}`;
